// Jest Snapshot v1, https://goo.gl/fbAQLP

exports[`Testing Graph Component Graph should render correctly 1`] = `
ShallowWrapper {
  Symbol(enzyme.__root__): [Circular],
  Symbol(enzyme.__unrendered__): <Graph />,
  Symbol(enzyme.__renderer__): Object {
    "batchedUpdates": [Function],
    "checkPropTypes": [Function],
    "getNode": [Function],
    "render": [Function],
    "simulateError": [Function],
    "simulateEvent": [Function],
    "unmount": [Function],
  },
  Symbol(enzyme.__node__): Object {
    "instance": null,
    "key": undefined,
    "nodeType": "host",
    "props": Object {
      "children": <Line
        height={350}
        options={
          Object {
            "layout": Object {
              "padding": Object {
                "bottom": 0,
                "left": 0,
                "right": 0,
                "top": 0,
              },
            },
            "legend": Object {
              "display": false,
              "labels": Object {
                "boxWidth": 0,
              },
              "position": "left",
            },
            "maintainAspectRatio": false,
            "scales": Object {
              "xAxes": Array [
                Object {
                  "gridLines": Object {
                    "display": false,
                  },
                  "scaleLabel": Object {
                    "display": true,
                    "labelString": "ID",
                  },
                },
              ],
              "yAxes": Array [
                Object {
                  "barPercentage": 0.2,
                  "maintainAspectRatio": false,
                  "scaleLabel": Object {
                    "display": true,
                    "labelString": "Votes",
                  },
                },
              ],
            },
          }
        }
      />,
      "className": "timeline-chart",
    },
    "ref": null,
    "rendered": Object {
      "instance": null,
      "key": undefined,
      "nodeType": "class",
      "props": Object {
        "data": undefined,
        "height": 350,
        "options": Object {
          "layout": Object {
            "padding": Object {
              "bottom": 0,
              "left": 0,
              "right": 0,
              "top": 0,
            },
          },
          "legend": Object {
            "display": false,
            "labels": Object {
              "boxWidth": 0,
            },
            "position": "left",
          },
          "maintainAspectRatio": false,
          "scales": Object {
            "xAxes": Array [
              Object {
                "gridLines": Object {
                  "display": false,
                },
                "scaleLabel": Object {
                  "display": true,
                  "labelString": "ID",
                },
              },
            ],
            "yAxes": Array [
              Object {
                "barPercentage": 0.2,
                "maintainAspectRatio": false,
                "scaleLabel": Object {
                  "display": true,
                  "labelString": "Votes",
                },
              },
            ],
          },
        },
      },
      "ref": null,
      "rendered": null,
      "type": [Function],
    },
    "type": "div",
  },
  Symbol(enzyme.__nodes__): Array [
    Object {
      "instance": null,
      "key": undefined,
      "nodeType": "host",
      "props": Object {
        "children": <Line
          height={350}
          options={
            Object {
              "layout": Object {
                "padding": Object {
                  "bottom": 0,
                  "left": 0,
                  "right": 0,
                  "top": 0,
                },
              },
              "legend": Object {
                "display": false,
                "labels": Object {
                  "boxWidth": 0,
                },
                "position": "left",
              },
              "maintainAspectRatio": false,
              "scales": Object {
                "xAxes": Array [
                  Object {
                    "gridLines": Object {
                      "display": false,
                    },
                    "scaleLabel": Object {
                      "display": true,
                      "labelString": "ID",
                    },
                  },
                ],
                "yAxes": Array [
                  Object {
                    "barPercentage": 0.2,
                    "maintainAspectRatio": false,
                    "scaleLabel": Object {
                      "display": true,
                      "labelString": "Votes",
                    },
                  },
                ],
              },
            }
          }
        />,
        "className": "timeline-chart",
      },
      "ref": null,
      "rendered": Object {
        "instance": null,
        "key": undefined,
        "nodeType": "class",
        "props": Object {
          "data": undefined,
          "height": 350,
          "options": Object {
            "layout": Object {
              "padding": Object {
                "bottom": 0,
                "left": 0,
                "right": 0,
                "top": 0,
              },
            },
            "legend": Object {
              "display": false,
              "labels": Object {
                "boxWidth": 0,
              },
              "position": "left",
            },
            "maintainAspectRatio": false,
            "scales": Object {
              "xAxes": Array [
                Object {
                  "gridLines": Object {
                    "display": false,
                  },
                  "scaleLabel": Object {
                    "display": true,
                    "labelString": "ID",
                  },
                },
              ],
              "yAxes": Array [
                Object {
                  "barPercentage": 0.2,
                  "maintainAspectRatio": false,
                  "scaleLabel": Object {
                    "display": true,
                    "labelString": "Votes",
                  },
                },
              ],
            },
          },
        },
        "ref": null,
        "rendered": null,
        "type": [Function],
      },
      "type": "div",
    },
  ],
  Symbol(enzyme.__options__): Object {
    "adapter": ReactSixteenAdapter {
      "options": Object {
        "enableComponentDidUpdateOnSetState": true,
        "legacyContextMode": "parent",
        "lifecycles": Object {
          "componentDidUpdate": Object {
            "onSetState": true,
          },
          "getChildContext": Object {
            "calledByRenderer": false,
          },
          "getDerivedStateFromError": true,
          "getDerivedStateFromProps": Object {
            "hasShouldComponentUpdateBug": false,
          },
          "getSnapshotBeforeUpdate": true,
          "setState": Object {
            "skipsComponentDidUpdateOnNullish": true,
          },
        },
      },
    },
    Symbol(enzyme.__providerValues__): undefined,
  },
  Symbol(enzyme.__providerValues__): Map {},
}
`;
