// Jest Snapshot v1, https://goo.gl/fbAQLP

exports[`Testing Navigation Component Navigation should render correctly 1`] = `
ShallowWrapper {
  Symbol(enzyme.__root__): [Circular],
  Symbol(enzyme.__unrendered__): <Navigation />,
  Symbol(enzyme.__renderer__): Object {
    "batchedUpdates": [Function],
    "checkPropTypes": [Function],
    "getNode": [Function],
    "render": [Function],
    "simulateError": [Function],
    "simulateEvent": [Function],
    "unmount": [Function],
  },
  Symbol(enzyme.__node__): Object {
    "instance": null,
    "key": undefined,
    "nodeType": "host",
    "props": Object {
      "children": Array [
        <ForwardRef(InternalButton)
          block={false}
          disabled={true}
          ghost={false}
          htmlType="button"
          loading={false}
          type="primary"
        >
          Previous
        </ForwardRef(InternalButton)>,
        "|",
        <ForwardRef(InternalButton)
          block={false}
          disabled={true}
          ghost={false}
          htmlType="button"
          loading={false}
          type="primary"
        >
          Next
        </ForwardRef(InternalButton)>,
      ],
      "className": "custom-pagination",
    },
    "ref": null,
    "rendered": Array [
      Object {
        "instance": null,
        "key": undefined,
        "nodeType": "function",
        "props": Object {
          "block": false,
          "children": "Previous",
          "disabled": true,
          "ghost": false,
          "htmlType": "button",
          "loading": false,
          "onClick": undefined,
          "type": "primary",
        },
        "ref": null,
        "rendered": "Previous",
        "type": Object {
          "$$typeof": Symbol(react.forward_ref),
          "Group": [Function],
          "__ANT_BUTTON": true,
          "defaultProps": Object {
            "block": false,
            "ghost": false,
            "htmlType": "button",
            "loading": false,
          },
          "displayName": "Button",
          "render": [Function],
        },
      },
      "|",
      Object {
        "instance": null,
        "key": undefined,
        "nodeType": "function",
        "props": Object {
          "block": false,
          "children": "Next",
          "disabled": true,
          "ghost": false,
          "htmlType": "button",
          "loading": false,
          "onClick": undefined,
          "type": "primary",
        },
        "ref": null,
        "rendered": "Next",
        "type": Object {
          "$$typeof": Symbol(react.forward_ref),
          "Group": [Function],
          "__ANT_BUTTON": true,
          "defaultProps": Object {
            "block": false,
            "ghost": false,
            "htmlType": "button",
            "loading": false,
          },
          "displayName": "Button",
          "render": [Function],
        },
      },
    ],
    "type": "div",
  },
  Symbol(enzyme.__nodes__): Array [
    Object {
      "instance": null,
      "key": undefined,
      "nodeType": "host",
      "props": Object {
        "children": Array [
          <ForwardRef(InternalButton)
            block={false}
            disabled={true}
            ghost={false}
            htmlType="button"
            loading={false}
            type="primary"
          >
            Previous
          </ForwardRef(InternalButton)>,
          "|",
          <ForwardRef(InternalButton)
            block={false}
            disabled={true}
            ghost={false}
            htmlType="button"
            loading={false}
            type="primary"
          >
            Next
          </ForwardRef(InternalButton)>,
        ],
        "className": "custom-pagination",
      },
      "ref": null,
      "rendered": Array [
        Object {
          "instance": null,
          "key": undefined,
          "nodeType": "function",
          "props": Object {
            "block": false,
            "children": "Previous",
            "disabled": true,
            "ghost": false,
            "htmlType": "button",
            "loading": false,
            "onClick": undefined,
            "type": "primary",
          },
          "ref": null,
          "rendered": "Previous",
          "type": Object {
            "$$typeof": Symbol(react.forward_ref),
            "Group": [Function],
            "__ANT_BUTTON": true,
            "defaultProps": Object {
              "block": false,
              "ghost": false,
              "htmlType": "button",
              "loading": false,
            },
            "displayName": "Button",
            "render": [Function],
          },
        },
        "|",
        Object {
          "instance": null,
          "key": undefined,
          "nodeType": "function",
          "props": Object {
            "block": false,
            "children": "Next",
            "disabled": true,
            "ghost": false,
            "htmlType": "button",
            "loading": false,
            "onClick": undefined,
            "type": "primary",
          },
          "ref": null,
          "rendered": "Next",
          "type": Object {
            "$$typeof": Symbol(react.forward_ref),
            "Group": [Function],
            "__ANT_BUTTON": true,
            "defaultProps": Object {
              "block": false,
              "ghost": false,
              "htmlType": "button",
              "loading": false,
            },
            "displayName": "Button",
            "render": [Function],
          },
        },
      ],
      "type": "div",
    },
  ],
  Symbol(enzyme.__options__): Object {
    "adapter": ReactSixteenAdapter {
      "options": Object {
        "enableComponentDidUpdateOnSetState": true,
        "legacyContextMode": "parent",
        "lifecycles": Object {
          "componentDidUpdate": Object {
            "onSetState": true,
          },
          "getChildContext": Object {
            "calledByRenderer": false,
          },
          "getDerivedStateFromError": true,
          "getDerivedStateFromProps": Object {
            "hasShouldComponentUpdateBug": false,
          },
          "getSnapshotBeforeUpdate": true,
          "setState": Object {
            "skipsComponentDidUpdateOnNullish": true,
          },
        },
      },
    },
    Symbol(enzyme.__providerValues__): undefined,
  },
  Symbol(enzyme.__providerValues__): Map {},
}
`;
